// Jest Snapshot v1, https://goo.gl/fbAQLP

exports[`MonthlyMapper matches snapshot 1`] = `
<DocumentFragment>
  <section
    class="max-w-5xl mx-auto p-4"
  >
    <div
      class="flex items-center mb-6"
    >
      <button
        aria-label="Back to Dashboard"
        class="flex items-center text-gray-300 hover:text-white focus:outline-none focus:ring-2 focus:ring-blue-500 mr-4"
        type="button"
      >
        <svg
          aria-hidden="true"
          class="lucide lucide-arrow-left h-5 w-5 mr-1"
          fill="none"
          height="24"
          stroke="currentColor"
          stroke-linecap="round"
          stroke-linejoin="round"
          stroke-width="2"
          viewBox="0 0 24 24"
          width="24"
          xmlns="http://www.w3.org/2000/svg"
        >
          <path
            d="m12 19-7-7 7-7"
          />
          <path
            d="M19 12H5"
          />
        </svg>
        Back to Dashboard
      </button>
      <h1
        aria-label="Monthly Mapper Heading"
        class="text-2xl font-bold text-white flex-1 text-center"
        tabindex="0"
      >
        Monthly Mapper
      </h1>
    </div>
    <nav
      aria-label="Month navigation"
      class="flex items-center justify-center mb-4"
    >
      <button
        aria-label="Previous month"
        class="p-2 rounded-full hover:bg-gray-700 focus:outline-none focus:ring-2 focus:ring-blue-500"
        tabindex="0"
        type="button"
      >
        <svg
          aria-hidden="true"
          class="lucide lucide-chevron-left h-5 w-5 text-gray-200"
          fill="none"
          height="24"
          stroke="currentColor"
          stroke-linecap="round"
          stroke-linejoin="round"
          stroke-width="2"
          viewBox="0 0 24 24"
          width="24"
          xmlns="http://www.w3.org/2000/svg"
        >
          <path
            d="m15 18-6-6 6-6"
          />
        </svg>
      </button>
      <span
        aria-live="polite"
        class="mx-4 text-lg font-semibold text-white"
      >
        May 2024
      </span>
      <button
        aria-label="Next month"
        class="p-2 rounded-full hover:bg-gray-700 focus:outline-none focus:ring-2 focus:ring-blue-500"
        tabindex="0"
        type="button"
      >
        <svg
          aria-hidden="true"
          class="lucide lucide-chevron-right h-5 w-5 text-gray-200"
          fill="none"
          height="24"
          stroke="currentColor"
          stroke-linecap="round"
          stroke-linejoin="round"
          stroke-width="2"
          viewBox="0 0 24 24"
          width="24"
          xmlns="http://www.w3.org/2000/svg"
        >
          <path
            d="m9 18 6-6-6-6"
          />
        </svg>
      </button>
    </nav>
    <div
      class="overflow-x-auto rounded-lg border border-gray-700 bg-gray-900"
    >
      <table
        aria-label="Monthly goals and tasks"
        class="min-w-full divide-y divide-gray-700"
        role="table"
      >
        <thead
          class="bg-gray-800"
        >
          <tr>
            <th
              class="px-4 py-2 text-left text-xs font-bold text-gray-300 uppercase tracking-wider"
              scope="col"
            >
              Goal #
            </th>
            <th
              class="px-4 py-2 text-left text-xs font-bold text-gray-300 uppercase tracking-wider"
              scope="col"
            >
              Tasks for Month
            </th>
          </tr>
        </thead>
        <tbody
          class="divide-y divide-gray-800"
        >
          <tr>
            <th
              class="px-4 py-2 text-left text-sm font-medium text-gray-200 bg-gray-800"
              scope="row"
            >
              Goal #1
            </th>
            <td
              class="px-4 py-2"
            >
              <div
                class="flex flex-wrap gap-2"
              >
                <span
                  aria-label="Goal 1 Task, status: pending, overdue"
                  class="px-2 py-1 rounded bg-red-600 text-white text-xs font-semibold"
                  tabindex="0"
                  title="Goal 1 Task"
                >
                  Goal 1 Task
                </span>
              </div>
            </td>
          </tr>
          <tr>
            <th
              class="px-4 py-2 text-left text-sm font-medium text-gray-200 bg-gray-800"
              scope="row"
            >
              Goal #2
            </th>
            <td
              class="px-4 py-2"
            >
              <div
                class="flex flex-wrap gap-2"
              >
                <span
                  aria-label="Goal 2 Completed, status: completed"
                  class="px-2 py-1 rounded bg-green-700 text-white text-xs font-semibold"
                  tabindex="0"
                  title="Goal 2 Completed"
                >
                  Goal 2 Completed
                </span>
              </div>
            </td>
          </tr>
          <tr>
            <th
              class="px-4 py-2 text-left text-sm font-medium text-gray-200 bg-gray-800"
              scope="row"
            >
              Goal #3
            </th>
            <td
              class="px-4 py-2"
            >
              <div
                class="flex flex-wrap gap-2"
              >
                <span
                  class="text-gray-400 italic"
                >
                  No tasks
                </span>
              </div>
            </td>
          </tr>
          <tr>
            <th
              class="px-4 py-2 text-left text-sm font-medium text-gray-200 bg-gray-800"
              scope="row"
            >
              Goal #4
            </th>
            <td
              class="px-4 py-2"
            >
              <div
                class="flex flex-wrap gap-2"
              >
                <span
                  class="text-gray-400 italic"
                >
                  No tasks
                </span>
              </div>
            </td>
          </tr>
          <tr>
            <th
              class="px-4 py-2 text-left text-sm font-medium text-gray-200 bg-gray-800"
              scope="row"
            >
              Goal #5
            </th>
            <td
              class="px-4 py-2"
            >
              <div
                class="flex flex-wrap gap-2"
              >
                <span
                  class="text-gray-400 italic"
                >
                  No tasks
                </span>
              </div>
            </td>
          </tr>
          <tr>
            <th
              class="px-4 py-2 text-left text-sm font-medium text-gray-200 bg-gray-800"
              scope="row"
            >
              Goal #6
            </th>
            <td
              class="px-4 py-2"
            >
              <div
                class="flex flex-wrap gap-2"
              >
                <span
                  class="text-gray-400 italic"
                >
                  No tasks
                </span>
              </div>
            </td>
          </tr>
          <tr>
            <th
              class="px-4 py-2 text-left text-sm font-medium text-gray-200 bg-gray-800"
              scope="row"
            >
              Goal #7
            </th>
            <td
              class="px-4 py-2"
            >
              <div
                class="flex flex-wrap gap-2"
              >
                <span
                  class="text-gray-400 italic"
                >
                  No tasks
                </span>
              </div>
            </td>
          </tr>
          <tr>
            <th
              class="px-4 py-2 text-left text-sm font-medium text-gray-200 bg-gray-800"
              scope="row"
            >
              Goal #8
            </th>
            <td
              class="px-4 py-2"
            >
              <div
                class="flex flex-wrap gap-2"
              >
                <span
                  class="text-gray-400 italic"
                >
                  No tasks
                </span>
              </div>
            </td>
          </tr>
          <tr>
            <th
              class="px-4 py-2 text-left text-sm font-medium text-gray-200 bg-gray-800"
              scope="row"
            >
              Goal #9
            </th>
            <td
              class="px-4 py-2"
            >
              <div
                class="flex flex-wrap gap-2"
              >
                <span
                  class="text-gray-400 italic"
                >
                  No tasks
                </span>
              </div>
            </td>
          </tr>
          <tr>
            <th
              class="px-4 py-2 text-left text-sm font-medium text-gray-200 bg-gray-800"
              scope="row"
            >
              Goal #10
            </th>
            <td
              class="px-4 py-2"
            >
              <div
                class="flex flex-wrap gap-2"
              >
                <span
                  class="text-gray-400 italic"
                >
                  No tasks
                </span>
              </div>
            </td>
          </tr>
          <tr>
            <th
              class="px-4 py-2 text-left text-sm font-medium text-gray-200 bg-gray-800"
              scope="row"
            >
              Goal #11
            </th>
            <td
              class="px-4 py-2"
            >
              <div
                class="flex flex-wrap gap-2"
              >
                <span
                  class="text-gray-400 italic"
                >
                  No tasks
                </span>
              </div>
            </td>
          </tr>
          <tr>
            <th
              class="px-4 py-2 text-left text-sm font-medium text-gray-200 bg-gray-800"
              scope="row"
            >
              Goal #12
            </th>
            <td
              class="px-4 py-2"
            >
              <div
                class="flex flex-wrap gap-2"
              >
                <span
                  class="text-gray-400 italic"
                >
                  No tasks
                </span>
              </div>
            </td>
          </tr>
          <tr>
            <th
              class="px-4 py-2 text-left text-sm font-medium text-gray-200 bg-gray-800"
              scope="row"
            >
              Goal #13
            </th>
            <td
              class="px-4 py-2"
            >
              <div
                class="flex flex-wrap gap-2"
              >
                <span
                  class="text-gray-400 italic"
                >
                  No tasks
                </span>
              </div>
            </td>
          </tr>
          <tr>
            <th
              class="px-4 py-2 text-left text-sm font-medium text-gray-200 bg-gray-800"
              scope="row"
            >
              Goal #14
            </th>
            <td
              class="px-4 py-2"
            >
              <div
                class="flex flex-wrap gap-2"
              >
                <span
                  class="text-gray-400 italic"
                >
                  No tasks
                </span>
              </div>
            </td>
          </tr>
          <tr>
            <th
              class="px-4 py-2 text-left text-sm font-medium text-gray-200 bg-gray-800"
              scope="row"
            >
              Goal #15
            </th>
            <td
              class="px-4 py-2"
            >
              <div
                class="flex flex-wrap gap-2"
              >
                <span
                  class="text-gray-400 italic"
                >
                  No tasks
                </span>
              </div>
            </td>
          </tr>
          <tr>
            <th
              class="px-4 py-2 text-left text-sm font-medium text-gray-200 bg-gray-800"
              scope="row"
            >
              Goal #16
            </th>
            <td
              class="px-4 py-2"
            >
              <div
                class="flex flex-wrap gap-2"
              >
                <span
                  class="text-gray-400 italic"
                >
                  No tasks
                </span>
              </div>
            </td>
          </tr>
          <tr>
            <th
              class="px-4 py-2 text-left text-sm font-medium text-gray-200 bg-gray-800"
              scope="row"
            >
              Goal #17
            </th>
            <td
              class="px-4 py-2"
            >
              <div
                class="flex flex-wrap gap-2"
              >
                <span
                  class="text-gray-400 italic"
                >
                  No tasks
                </span>
              </div>
            </td>
          </tr>
          <tr>
            <th
              class="px-4 py-2 text-left text-sm font-medium text-gray-200 bg-gray-800"
              scope="row"
            >
              Goal #18
            </th>
            <td
              class="px-4 py-2"
            >
              <div
                class="flex flex-wrap gap-2"
              >
                <span
                  class="text-gray-400 italic"
                >
                  No tasks
                </span>
              </div>
            </td>
          </tr>
          <tr>
            <th
              class="px-4 py-2 text-left text-sm font-medium text-gray-200 bg-gray-800"
              scope="row"
            >
              Goal #19
            </th>
            <td
              class="px-4 py-2"
            >
              <div
                class="flex flex-wrap gap-2"
              >
                <span
                  class="text-gray-400 italic"
                >
                  No tasks
                </span>
              </div>
            </td>
          </tr>
          <tr>
            <th
              class="px-4 py-2 text-left text-sm font-medium text-gray-200 bg-gray-800"
              scope="row"
            >
              Goal #20
            </th>
            <td
              class="px-4 py-2"
            >
              <div
                class="flex flex-wrap gap-2"
              >
                <span
                  class="text-gray-400 italic"
                >
                  No tasks
                </span>
              </div>
            </td>
          </tr>
          <tr>
            <th
              class="px-4 py-2 text-left text-sm font-medium text-gray-200 bg-gray-800"
              scope="row"
            >
              No Rush Goals/Personal
            </th>
            <td
              class="px-4 py-2"
            >
              <div
                class="flex flex-wrap gap-2"
              >
                <span
                  aria-label="No Rush Task, status: pending, overdue"
                  class="px-2 py-1 rounded bg-red-600 text-white text-xs font-semibold"
                  tabindex="0"
                  title="No Rush Task"
                >
                  No Rush Task
                </span>
              </div>
            </td>
          </tr>
        </tbody>
      </table>
    </div>
  </section>
</DocumentFragment>
`;
